// Jest Snapshot v1, https://goo.gl/fbAQLP

exports[`ActiveTab changes the class selected 1`] = `
Array [
  <nav
    className="nav nav-tabs nav-fill"
    onKeyDown={[Function]}
    role="tablist"
  >
    <a
      aria-selected={true}
      className="nav-item nav-link active"
      data-rb-event-key="All"
      href="#"
      onClick={[Function]}
      onKeyDown={[Function]}
      role="tab"
    >
      All
    </a>
    <a
      aria-selected={false}
      className="nav-item nav-link"
      data-rb-event-key="Active"
      href="#"
      onClick={[Function]}
      onKeyDown={[Function]}
      role="tab"
    >
      Active
    </a>
    <a
      aria-selected={false}
      className="nav-item nav-link"
      data-rb-event-key="Completed"
      href="#"
      onClick={[Function]}
      onKeyDown={[Function]}
      role="tab"
    >
      Completed
    </a>
  </nav>,
  <div
    className="tab-content"
  >
    <div
      aria-hidden={false}
      aria-labelledby={null}
      className="fade tab-pane active show"
      id={null}
      role="tabpanel"
    />
    <div
      aria-hidden={true}
      aria-labelledby={null}
      className="fade tab-pane"
      id={null}
      role="tabpanel"
    />
    <div
      aria-hidden={true}
      aria-labelledby={null}
      className="fade tab-pane"
      id={null}
      role="tabpanel"
    />
  </div>,
]
`;

exports[`All Tab selected 1`] = `
Array [
  <nav
    className="nav nav-tabs nav-fill"
    onKeyDown={[Function]}
    role="tablist"
  >
    <a
      aria-selected={true}
      className="nav-item nav-link active"
      data-rb-event-key="All"
      href="#"
      onClick={[Function]}
      onKeyDown={[Function]}
      role="tab"
    >
      All
    </a>
    <a
      aria-selected={false}
      className="nav-item nav-link"
      data-rb-event-key="Active"
      href="#"
      onClick={[Function]}
      onKeyDown={[Function]}
      role="tab"
    >
      Active
    </a>
    <a
      aria-selected={false}
      className="nav-item nav-link"
      data-rb-event-key="Completed"
      href="#"
      onClick={[Function]}
      onKeyDown={[Function]}
      role="tab"
    >
      Completed
    </a>
  </nav>,
  <div
    className="tab-content"
  >
    <div
      aria-hidden={false}
      aria-labelledby={null}
      className="fade tab-pane active show"
      id={null}
      role="tabpanel"
    />
    <div
      aria-hidden={true}
      aria-labelledby={null}
      className="fade tab-pane"
      id={null}
      role="tabpanel"
    />
    <div
      aria-hidden={true}
      aria-labelledby={null}
      className="fade tab-pane"
      id={null}
      role="tabpanel"
    />
  </div>,
]
`;
